===== SECTION: :compileJava --rerun-tasks (expected exit 0) =====
> Task :checkKotlinGradlePluginConfigurationErrors SKIPPED

> Task :createMinecraftArtifacts
Loaded 141 artifacts from E:\GitHub\Technical-Engineering-4\Technical-Engineering-4-26.1.2\build\tmp\createMinecraftArtifacts\nfrt_artifact_manifest.properties
*** Started working on downloadManifest
  DL    https://launchermeta.mojang.com/mc/game/version_manifest_v2.json
DONE Completed downloadManifest in 3.56s
*** Started working on downloadJson
DONE Completed downloadJson in 0.02s
*** Started working on downloadClient
*** Started working on downloadServer
DONE Completed downloadClient in 0.14s
DONE Completed downloadServer in 0.14s
*** Started working on preProcessJar
REUSE Used cache of preProcessJar in 0.00s
*** Started working on decompile
REUSE Used cache of decompile in 0.00s
*** Started working on patch
REUSE Used cache of patch in 0.00s
*** Started working on applyNeoforgePatches
REUSE Used cache of applyNeoforgePatches in 0.00s
*** Started working on transformSources
REUSE Used cache of transformSources in 0.00s
*** Started working on recompile
REUSE Used cache of recompile in 0.00s
*** Started working on mergeWithSources
REUSE Used cache of mergeWithSources in 0.00s
Total runtime: 7.43s


> Task :compileKotlin NO-SOURCE
> Task :generateEffectiveLombokConfig

> Task :compileJava
 某些输入文件使用或覆盖了已过时的 API.
 有关详细信息, 请使用 -Xlint:deprecation 重新编译.
 某些输入文件使用或覆盖了标记为待删除的已过时 API.
 有关详细信息, 请使用 -Xlint:removal 重新编译.
 某些输入文件使用了未经检查或不安全的操作.
 有关详细信息, 请使用 -Xlint:unchecked 重新编译.

[Incubating] Problems report is available at: file:///E:/GitHub/Technical-Engineering-4/Technical-Engineering-4-26.1.2/build/reports/problems/problems-report.html

BUILD SUCCESSFUL in 23s
3 actionable tasks: 3 executed
Consider enabling configuration cache to speed up this build: https://docs.gradle.org/9.5.0/userguide/configuration_cache_enabling.html
===== EXIT CODE: 0 =====


===== SECTION: :compileTestJava --rerun-tasks (expected exit 1) =====
> Task :checkKotlinGradlePluginConfigurationErrors SKIPPED

> Task :createMinecraftArtifacts
Loaded 141 artifacts from E:\GitHub\Technical-Engineering-4\Technical-Engineering-4-26.1.2\build\tmp\createMinecraftArtifacts\nfrt_artifact_manifest.properties
*** Started working on downloadManifest
  DL    https://launchermeta.mojang.com/mc/game/version_manifest_v2.json
DONE Completed downloadManifest in 3.04s
*** Started working on downloadJson
DONE Completed downloadJson in 0.02s
*** Started working on downloadClient
*** Started working on downloadServer
DONE Completed downloadClient in 0.30s
DONE Completed downloadServer in 0.31s
*** Started working on preProcessJar
REUSE Used cache of preProcessJar in 0.01s
*** Started working on decompile
REUSE Used cache of decompile in 0.00s
*** Started working on patch
REUSE Used cache of patch in 0.00s
*** Started working on applyNeoforgePatches
REUSE Used cache of applyNeoforgePatches in 0.00s
*** Started working on transformSources
REUSE Used cache of transformSources in 0.00s
*** Started working on recompile
REUSE Used cache of recompile in 0.00s
*** Started working on mergeWithSources
REUSE Used cache of mergeWithSources in 0.00s
Total runtime: 6.95s


> Task :compileKotlin NO-SOURCE
> Task :generateModMetadata
> Task :processResources
> Task :jarJar
> Task :generateEffectiveLombokConfig

> Task :compileJava
 某些输入文件使用或覆盖了已过时的 API.
 有关详细信息, 请使用 -Xlint:deprecation 重新编译.
 某些输入文件使用或覆盖了标记为待删除的已过时 API.
 有关详细信息, 请使用 -Xlint:removal 重新编译.
 某些输入文件使用了未经检查或不安全的操作.
 有关详细信息, 请使用 -Xlint:unchecked 重新编译.

> Task :classes
> Task :jar
> Task :compileTestKotlin NO-SOURCE
> Task :generateTestEffectiveLombokConfig

> Task :compileTestJava

> Task :compileTestJava FAILED

[Incubating] Problems report is available at: file:///E:/GitHub/Technical-Engineering-4/Technical-Engineering-4-26.1.2/build/reports/problems/problems-report.html
E:\GitHub\Technical-Engineering-4\Technical-Engineering-4-26.1.2\src\test\java\com\modularmc\ten\test\logic\NetworkLogicGameTest.java:13: 错误: 找不到符号 import net.minecraft.gametest.framework.GameTest;
                                        ^
  符号:   类 GameTest
  位置: 程序包 net.minecraft.gametest.framework
E:\GitHub\Technical-Engineering-4\Technical-Engineering-4-26.1.2\src\test\java\com\modularmc\ten\test\logic\NetworkLogicGameTest.java:26: 错误: 找不到符号 import net.neoforged.neoforge.gametest.GameTestHolder;
                                       ^
  符号:   类 GameTestHolder
  位置: 程序包 net.neoforged.neoforge.gametest
E:\GitHub\Technical-Engineering-4\Technical-Engineering-4-26.1.2\src\test\java\com\modularmc\ten\test\logic\NetworkLogicGameTest.java:27: 错误: 找不到符号 import net.neoforged.neoforge.gametest.PrefixGameTestTemplate;
                                       ^
  符号:   类 PrefixGameTestTemplate
  位置: 程序包 net.neoforged.neoforge.gametest
E:\GitHub\Technical-Engineering-4\Technical-Engineering-4-26.1.2\src\test\java\com\modularmc\ten\test\logic\NetworkLogicGameTest.java:30: 错误: 找不到符号 @GameTestHolder(TEN.MOD_ID)
 ^
  符号: 类 GameTestHolder
E:\GitHub\Technical-Engineering-4\Technical-Engineering-4-26.1.2\src\test\java\com\modularmc\ten\test\ui\MachineBlockUITest.java:10: 错误: 找不到符号 import net.minecraft.gametest.framework.GameTest;
                                        ^
  符号:   类 GameTest
  位置: 程序包 net.minecraft.gametest.framework
E:\GitHub\Technical-Engineering-4\Technical-Engineering-4-26.1.2\src\test\java\com\modularmc\ten\test\ui\MachineBlockUITest.java:14: 错误: 找不到符号 import net.neoforged.neoforge.gametest.GameTestHolder;
                                       ^
  符号:   类 GameTestHolder
  位置: 程序包 net.neoforged.neoforge.gametest
E:\GitHub\Technical-Engineering-4\Technical-Engineering-4-26.1.2\src\test\java\com\modularmc\ten\test\ui\MachineBlockUITest.java:15: 错误: 找不到符号 import net.neoforged.neoforge.gametest.PrefixGameTestTemplate;
                                       ^
  符号:   类 PrefixGameTestTemplate
  位置: 程序包 net.neoforged.neoforge.gametest
E:\GitHub\Technical-Engineering-4\Technical-Engineering-4-26.1.2\src\test\java\com\modularmc\ten\test\ui\MachineBlockUITest.java:22: 错误: 找不到符号 @GameTestHolder(TEN.MOD_ID)
 ^
  符号: 类 GameTestHolder
E:\GitHub\Technical-Engineering-4\Technical-Engineering-4-26.1.2\src\test\java\com\modularmc\ten\test\logic\NetworkLogicGameTest.java:34: 错误: 找不到符号    @GameTest(template = "empty_5x5")
     ^
  符号: 类 GameTest
  位置: 类 com.modularmc.ten.test.logic.NetworkLogicGameTest
E:\GitHub\Technical-Engineering-4\Technical-Engineering-4-26.1.2\src\test\java\com\modularmc\ten\test\logic\NetworkLogicGameTest.java:35: 错误: 找不到符号    @PrefixGameTestTemplate(false)
     ^
  符号: 类 PrefixGameTestTemplate
  位置: 类 com.modularmc.ten.test.logic.NetworkLogicGameTest
E:\GitHub\Technical-Engineering-4\Technical-Engineering-4-26.1.2\src\test\java\com\modularmc\ten\test\logic\NetworkLogicGameTest.java:59: 错误: 找不到符号    @GameTest(template = "empty_5x5")
     ^
  符号: 类 GameTest
  位置: 类 com.modularmc.ten.test.logic.NetworkLogicGameTest
E:\GitHub\Technical-Engineering-4\Technical-Engineering-4-26.1.2\src\test\java\com\modularmc\ten\test\logic\NetworkLogicGameTest.java:60: 错误: 找不到符号    @PrefixGameTestTemplate(false)
     ^
  符号: 类 PrefixGameTestTemplate
  位置: 类 com.modularmc.ten.test.logic.NetworkLogicGameTest
9 actionable tasks: 9 executed
E:\GitHub\Technical-Engineering-4\Technical-Engineering-4-26.1.2\src\test\java\com\modularmc\ten\test\logic\NetworkLogicGameTest.java:81: 错误: 找不到符号    @GameTest(template = "empty_5x5")
     ^
  符号: 类 GameTest
  位置: 类 com.modularmc.ten.test.logic.NetworkLogicGameTest
E:\GitHub\Technical-Engineering-4\Technical-Engineering-4-26.1.2\src\test\java\com\modularmc\ten\test\logic\NetworkLogicGameTest.java:82: 错误: 找不到符号    @PrefixGameTestTemplate(false)
     ^
  符号: 类 PrefixGameTestTemplate
  位置: 类 com.modularmc.ten.test.logic.NetworkLogicGameTest
E:\GitHub\Technical-Engineering-4\Technical-Engineering-4-26.1.2\src\test\java\com\modularmc\ten\test\logic\NetworkLogicGameTest.java:103: 错误: 找不到符号    @GameTest(template = "empty_5x5")
     ^
  符号: 类 GameTest
  位置: 类 com.modularmc.ten.test.logic.NetworkLogicGameTest
E:\GitHub\Technical-Engineering-4\Technical-Engineering-4-26.1.2\src\test\java\com\modularmc\ten\test\logic\NetworkLogicGameTest.java:104: 错误: 找不到符号    @PrefixGameTestTemplate(false)
     ^
  符号: 类 PrefixGameTestTemplate
  位置: 类 com.modularmc.ten.test.logic.NetworkLogicGameTest
E:\GitHub\Technical-Engineering-4\Technical-Engineering-4-26.1.2\src\test\java\com\modularmc\ten\test\logic\NetworkLogicGameTest.java:125: 错误: 找不到符号    @GameTest(template = "empty_5x5")
     ^
  符号: 类 GameTest
  位置: 类 com.modularmc.ten.test.logic.NetworkLogicGameTest
E:\GitHub\Technical-Engineering-4\Technical-Engineering-4-26.1.2\src\test\java\com\modularmc\ten\test\logic\NetworkLogicGameTest.java:126: 错误: 找不到符号    @PrefixGameTestTemplate(false)
     ^
  符号: 类 PrefixGameTestTemplate
  位置: 类 com.modularmc.ten.test.logic.NetworkLogicGameTest
E:\GitHub\Technical-Engineering-4\Technical-Engineering-4-26.1.2\src\test\java\com\modularmc\ten\test\logic\NetworkLogicGameTest.java:149: 错误: 找不到符号    @GameTest(template = "empty_5x5")
     ^
  符号: 类 GameTest
  位置: 类 com.modularmc.ten.test.logic.NetworkLogicGameTest
E:\GitHub\Technical-Engineering-4\Technical-Engineering-4-26.1.2\src\test\java\com\modularmc\ten\test\logic\NetworkLogicGameTest.java:150: 错误: 找不到符号    @PrefixGameTestTemplate(false)
     ^
  符号: 类 PrefixGameTestTemplate
  位置: 类 com.modularmc.ten.test.logic.NetworkLogicGameTest
E:\GitHub\Technical-Engineering-4\Technical-Engineering-4-26.1.2\src\test\java\com\modularmc\ten\test\logic\NetworkLogicGameTest.java:171: 错误: 找不到符号    @GameTest(template = "empty_5x5")
     ^
  符号: 类 GameTest
  位置: 类 com.modularmc.ten.test.logic.NetworkLogicGameTest
E:\GitHub\Technical-Engineering-4\Technical-Engineering-4-26.1.2\src\test\java\com\modularmc\ten\test\logic\NetworkLogicGameTest.java:172: 错误: 找不到符号    @PrefixGameTestTemplate(false)
     ^
  符号: 类 PrefixGameTestTemplate
  位置: 类 com.modularmc.ten.test.logic.NetworkLogicGameTest
E:\GitHub\Technical-Engineering-4\Technical-Engineering-4-26.1.2\src\test\java\com\modularmc\ten\test\ui\MachineBlockUITest.java:26: 错误: 找不到符号    @GameTest(template = "empty_5x5")
     ^
  符号: 类 GameTest
  位置: 类 com.modularmc.ten.test.ui.MachineBlockUITest
E:\GitHub\Technical-Engineering-4\Technical-Engineering-4-26.1.2\src\test\java\com\modularmc\ten\test\ui\MachineBlockUITest.java:27: 错误: 找不到符号    @PrefixGameTestTemplate(false)
     ^
  符号: 类 PrefixGameTestTemplate
  位置: 类 com.modularmc.ten.test.ui.MachineBlockUITest
E:\GitHub\Technical-Engineering-4\Technical-Engineering-4-26.1.2\src\test\java\com\modularmc\ten\test\ui\MachineBlockUITest.java:69: 错误: 找不到符号    @GameTest(template = "empty_5x5")
     ^
  符号: 类 GameTest
  位置: 类 com.modularmc.ten.test.ui.MachineBlockUITest
E:\GitHub\Technical-Engineering-4\Technical-Engineering-4-26.1.2\src\test\java\com\modularmc\ten\test\ui\MachineBlockUITest.java:70: 错误: 找不到符号    @PrefixGameTestTemplate(false)
     ^
  符号: 类 PrefixGameTestTemplate
  位置: 类 com.modularmc.ten.test.ui.MachineBlockUITest
E:\GitHub\Technical-Engineering-4\Technical-Engineering-4-26.1.2\src\test\java\com\modularmc\ten\test\ui\MachineBlockUITest.java:80: 错误: 找不到符号    @GameTest(template = "empty_5x5")
     ^
  符号: 类 GameTest
  位置: 类 com.modularmc.ten.test.ui.MachineBlockUITest
E:\GitHub\Technical-Engineering-4\Technical-Engineering-4-26.1.2\src\test\java\com\modularmc\ten\test\ui\MachineBlockUITest.java:81: 错误: 找不到符号    @PrefixGameTestTemplate(false)
     ^
  符号: 类 PrefixGameTestTemplate
  位置: 类 com.modularmc.ten.test.ui.MachineBlockUITest
E:\GitHub\Technical-Engineering-4\Technical-Engineering-4-26.1.2\src\test\java\com\modularmc\ten\test\ui\MachineBlockUITest.java:110: 错误: 找不到符号    @GameTest(template = "empty_5x5")
     ^
  符号: 类 GameTest
  位置: 类 com.modularmc.ten.test.ui.MachineBlockUITest
E:\GitHub\Technical-Engineering-4\Technical-Engineering-4-26.1.2\src\test\java\com\modularmc\ten\test\ui\MachineBlockUITest.java:111: 错误: 找不到符号    @PrefixGameTestTemplate(false)
     ^
  符号: 类 PrefixGameTestTemplate
  位置: 类 com.modularmc.ten.test.ui.MachineBlockUITest
30 个错误
FAILURE: Build failed with an exception.
* What went wrong:
Execution failed for task ':compileTestJava' (registered by plugin class 'org.gradle.api.plugins.JavaBasePlugin').
> Compilation failed; see the compiler output above.
* Try:
> Check your code and dependencies to fix the compilation error(s)
> Run with --scan to get full insights from a Build Scan (powered by Develocity).
BUILD FAILED in 38s
===== EXIT CODE: 1 =====
